<?xml version="1.0" encoding="utf-8"?>
<test-suite type="TestSuite" id="1194" name="uplift" fullname="uplift" runstate="Runnable" testcasecount="79" result="Passed" start-time="2017-08-22 09:41:36Z" end-time="2017-08-22 09:41:41Z" duration="5.126491" total="79" passed="77" failed="0" inconclusive="0" skipped="2" asserts="230">
  <test-suite type="Assembly" id="1286" name="Assembly-CSharp-Editor-firstpass.dll" fullname="C:/Users/Paul/Documents/Work/uplift/Library/ScriptAssemblies/Assembly-CSharp-Editor-firstpass.dll" runstate="Runnable" testcasecount="79" result="Passed" start-time="2017-08-22 09:41:36Z" end-time="2017-08-22 09:41:41Z" duration="4.996566" total="79" passed="77" failed="0" inconclusive="0" skipped="2" asserts="230">
    <properties>
      <property name="_PID" value="6796" />
      <property name="_APPDOMAIN" value="Unity Child Domain" />
    </properties>
    <test-suite type="TestSuite" id="1287" name="Uplift" fullname="Uplift" runstate="Runnable" testcasecount="79" result="Passed" start-time="2017-08-22 09:41:36Z" end-time="2017-08-22 09:41:41Z" duration="4.978744" total="79" passed="77" failed="0" inconclusive="0" skipped="2" asserts="230">
      <test-suite type="TestSuite" id="1288" name="Testing" fullname="Uplift.Testing" runstate="Runnable" testcasecount="79" result="Passed" start-time="2017-08-22 09:41:36Z" end-time="2017-08-22 09:41:41Z" duration="4.965676" total="79" passed="77" failed="0" inconclusive="0" skipped="2" asserts="230">
        <test-suite type="TestSuite" id="1289" name="Integration" fullname="Uplift.Testing.Integration" runstate="Runnable" testcasecount="7" result="Passed" start-time="2017-08-22 09:41:36Z" end-time="2017-08-22 09:41:39Z" duration="2.236655" total="7" passed="7" failed="0" inconclusive="0" skipped="0" asserts="117">
          <test-suite type="TestFixture" id="1195" name="BasicPackageInstallation" fullname="Uplift.Testing.Integration.BasicPackageInstallation" classname="Uplift.Testing.Integration.BasicPackageInstallation" runstate="Runnable" testcasecount="1" result="Passed" start-time="2017-08-22 09:41:36Z" end-time="2017-08-22 09:41:37Z" duration="0.346628" total="1" passed="1" failed="0" inconclusive="0" skipped="0" asserts="22">
            <test-case id="1196" name="WhenInstalling" fullname="Uplift.Testing.Integration.BasicPackageInstallation.WhenInstalling" methodname="WhenInstalling" classname="Uplift.Testing.Integration.BasicPackageInstallation" runstate="Runnable" seed="875816916" result="Passed" start-time="2017-08-22 09:41:36Z" end-time="2017-08-22 09:41:37Z" duration="0.251845" asserts="22">
              <output><![CDATA[Loaded packages, count: 1
File ..\TestData\BasicPackageInstallation\PackageRepo\Package A\A1.cs does not have an associated meta file
File ..\TestData\BasicPackageInstallation\PackageRepo\Package A\A2.cs does not have an associated meta file
File ..\TestData\BasicPackageInstallation\PackageRepo\Package A\A3.cs does not have an associated meta file
File ..\TestData\BasicPackageInstallation\PackageRepo\Package A\Upset.xml does not have an associated meta file
File C:\Users\Paul\AppData\Local\Temp\tmp6f6f5059.tmp\A1.cs does not have an associated meta file
File C:\Users\Paul\AppData\Local\Temp\tmp6f6f5059.tmp\A2.cs does not have an associated meta file
File C:\Users\Paul\AppData\Local\Temp\tmp6f6f5059.tmp\A3.cs does not have an associated meta file
File C:\Users\Paul\AppData\Local\Temp\tmp6f6f5059.tmp\Upset.xml does not have an associated meta file
]]></output>
            </test-case>
          </test-suite>
          <test-suite type="TestFixture" id="1197" name="CustomizedFileLocation" fullname="Uplift.Testing.Integration.CustomizedFileLocation" classname="Uplift.Testing.Integration.CustomizedFileLocation" runstate="Runnable" testcasecount="3" result="Passed" start-time="2017-08-22 09:41:37Z" end-time="2017-08-22 09:41:38Z" duration="1.074489" total="3" passed="3" failed="0" inconclusive="0" skipped="0" asserts="77">
            <test-case id="1200" name="WhenUpfileModifiedAndSkip" fullname="Uplift.Testing.Integration.CustomizedFileLocation.WhenUpfileModifiedAndSkip" methodname="WhenUpfileModifiedAndSkip" classname="Uplift.Testing.Integration.CustomizedFileLocation" runstate="Runnable" seed="389471714" result="Passed" start-time="2017-08-22 09:41:37Z" end-time="2017-08-22 09:41:37Z" duration="0.297193" asserts="25">
              <output><![CDATA[Loaded packages, count: 1
File ..\TestData\CustomizedFileLocation\PackageRepoModifiedSkip\Package C\C1.cs does not have an associated meta file
File ..\TestData\CustomizedFileLocation\PackageRepoModifiedSkip\Package C\C2.cs does not have an associated meta file
File ..\TestData\CustomizedFileLocation\PackageRepoModifiedSkip\Package C\Example does not have an associated meta file
File ..\TestData\CustomizedFileLocation\PackageRepoModifiedSkip\Package C\Example\Adv does not have an associated meta file
File ..\TestData\CustomizedFileLocation\PackageRepoModifiedSkip\Package C\Example\Adv\E3.txt does not have an associated meta file
File ..\TestData\CustomizedFileLocation\PackageRepoModifiedSkip\Package C\Example\E1.txt does not have an associated meta file
File ..\TestData\CustomizedFileLocation\PackageRepoModifiedSkip\Package C\Example\E2.txt does not have an associated meta file
File ..\TestData\CustomizedFileLocation\PackageRepoModifiedSkip\Package C\Media does not have an associated meta file
File ..\TestData\CustomizedFileLocation\PackageRepoModifiedSkip\Package C\Media\M1.txt does not have an associated meta file
File ..\TestData\CustomizedFileLocation\PackageRepoModifiedSkip\Package C\Media\M2.txt does not have an associated meta file
File ..\TestData\CustomizedFileLocation\PackageRepoModifiedSkip\Package C\Upset.xml does not have an associated meta file
File C:\Users\Paul\AppData\Local\Temp\tmp4ba17a45.tmp\Media\M1.txt does not have an associated meta file
File C:\Users\Paul\AppData\Local\Temp\tmp4ba17a45.tmp\Media\M2.txt does not have an associated meta file
File C:\Users\Paul\AppData\Local\Temp\tmp4ba17a45.tmp\Example\Adv does not have an associated meta file
File C:\Users\Paul\AppData\Local\Temp\tmp4ba17a45.tmp\Example\Adv\E3.txt does not have an associated meta file
File C:\Users\Paul\AppData\Local\Temp\tmp4ba17a45.tmp\Example\E1.txt does not have an associated meta file
File C:\Users\Paul\AppData\Local\Temp\tmp4ba17a45.tmp\Example\E2.txt does not have an associated meta file
File C:\Users\Paul\AppData\Local\Temp\tmp4ba17a45.tmp\C1.cs does not have an associated meta file
File C:\Users\Paul\AppData\Local\Temp\tmp4ba17a45.tmp\C2.cs does not have an associated meta file
File C:\Users\Paul\AppData\Local\Temp\tmp4ba17a45.tmp\Example does not have an associated meta file
File C:\Users\Paul\AppData\Local\Temp\tmp4ba17a45.tmp\Example\Adv does not have an associated meta file
File C:\Users\Paul\AppData\Local\Temp\tmp4ba17a45.tmp\Example\Adv\E3.txt does not have an associated meta file
File C:\Users\Paul\AppData\Local\Temp\tmp4ba17a45.tmp\Example\E1.txt does not have an associated meta file
File C:\Users\Paul\AppData\Local\Temp\tmp4ba17a45.tmp\Example\E2.txt does not have an associated meta file
File C:\Users\Paul\AppData\Local\Temp\tmp4ba17a45.tmp\Media does not have an associated meta file
File C:\Users\Paul\AppData\Local\Temp\tmp4ba17a45.tmp\Media\M1.txt does not have an associated meta file
File C:\Users\Paul\AppData\Local\Temp\tmp4ba17a45.tmp\Media\M2.txt does not have an associated meta file
File C:\Users\Paul\AppData\Local\Temp\tmp4ba17a45.tmp\Upset.xml does not have an associated meta file
]]></output>
            </test-case>
            <test-case id="1199" name="WhenUpfileModifiedNoSkip" fullname="Uplift.Testing.Integration.CustomizedFileLocation.WhenUpfileModifiedNoSkip" methodname="WhenUpfileModifiedNoSkip" classname="Uplift.Testing.Integration.CustomizedFileLocation" runstate="Runnable" seed="820983279" result="Passed" start-time="2017-08-22 09:41:37Z" end-time="2017-08-22 09:41:37Z" duration="0.382083" asserts="27">
              <output><![CDATA[Loaded packages, count: 1
File ..\TestData\CustomizedFileLocation\PackageRepoModifiedNoSkip\Package C\C1.cs does not have an associated meta file
File ..\TestData\CustomizedFileLocation\PackageRepoModifiedNoSkip\Package C\C2.cs does not have an associated meta file
File ..\TestData\CustomizedFileLocation\PackageRepoModifiedNoSkip\Package C\Example does not have an associated meta file
File ..\TestData\CustomizedFileLocation\PackageRepoModifiedNoSkip\Package C\Example\Adv does not have an associated meta file
File ..\TestData\CustomizedFileLocation\PackageRepoModifiedNoSkip\Package C\Example\Adv\E3.txt does not have an associated meta file
File ..\TestData\CustomizedFileLocation\PackageRepoModifiedNoSkip\Package C\Example\E1.txt does not have an associated meta file
File ..\TestData\CustomizedFileLocation\PackageRepoModifiedNoSkip\Package C\Example\E2.txt does not have an associated meta file
File ..\TestData\CustomizedFileLocation\PackageRepoModifiedNoSkip\Package C\Media does not have an associated meta file
File ..\TestData\CustomizedFileLocation\PackageRepoModifiedNoSkip\Package C\Media\M1.txt does not have an associated meta file
File ..\TestData\CustomizedFileLocation\PackageRepoModifiedNoSkip\Package C\Media\M2.txt does not have an associated meta file
File ..\TestData\CustomizedFileLocation\PackageRepoModifiedNoSkip\Package C\Upset.xml does not have an associated meta file
File C:\Users\Paul\AppData\Local\Temp\tmp7e62138c.tmp\Media\M1.txt does not have an associated meta file
File C:\Users\Paul\AppData\Local\Temp\tmp7e62138c.tmp\Media\M2.txt does not have an associated meta file
File C:\Users\Paul\AppData\Local\Temp\tmp7e62138c.tmp\Example\Adv does not have an associated meta file
File C:\Users\Paul\AppData\Local\Temp\tmp7e62138c.tmp\Example\Adv\E3.txt does not have an associated meta file
File C:\Users\Paul\AppData\Local\Temp\tmp7e62138c.tmp\Example\E1.txt does not have an associated meta file
File C:\Users\Paul\AppData\Local\Temp\tmp7e62138c.tmp\Example\E2.txt does not have an associated meta file
File C:\Users\Paul\AppData\Local\Temp\tmp7e62138c.tmp\C1.cs does not have an associated meta file
File C:\Users\Paul\AppData\Local\Temp\tmp7e62138c.tmp\C2.cs does not have an associated meta file
File C:\Users\Paul\AppData\Local\Temp\tmp7e62138c.tmp\Example does not have an associated meta file
File C:\Users\Paul\AppData\Local\Temp\tmp7e62138c.tmp\Example\Adv does not have an associated meta file
File C:\Users\Paul\AppData\Local\Temp\tmp7e62138c.tmp\Example\Adv\E3.txt does not have an associated meta file
File C:\Users\Paul\AppData\Local\Temp\tmp7e62138c.tmp\Example\E1.txt does not have an associated meta file
File C:\Users\Paul\AppData\Local\Temp\tmp7e62138c.tmp\Example\E2.txt does not have an associated meta file
File C:\Users\Paul\AppData\Local\Temp\tmp7e62138c.tmp\Media does not have an associated meta file
File C:\Users\Paul\AppData\Local\Temp\tmp7e62138c.tmp\Media\M1.txt does not have an associated meta file
File C:\Users\Paul\AppData\Local\Temp\tmp7e62138c.tmp\Media\M2.txt does not have an associated meta file
File C:\Users\Paul\AppData\Local\Temp\tmp7e62138c.tmp\Upset.xml does not have an associated meta file
]]></output>
            </test-case>
            <test-case id="1198" name="WhenUpfileNotModified" fullname="Uplift.Testing.Integration.CustomizedFileLocation.WhenUpfileNotModified" methodname="WhenUpfileNotModified" classname="Uplift.Testing.Integration.CustomizedFileLocation" runstate="Runnable" seed="815655687" result="Passed" start-time="2017-08-22 09:41:37Z" end-time="2017-08-22 09:41:38Z" duration="0.314078" asserts="25">
              <output><![CDATA[Loaded packages, count: 1
File ..\TestData\CustomizedFileLocation\PackageRepoNotModified\Package C\C1.cs does not have an associated meta file
File ..\TestData\CustomizedFileLocation\PackageRepoNotModified\Package C\C2.cs does not have an associated meta file
File ..\TestData\CustomizedFileLocation\PackageRepoNotModified\Package C\Example does not have an associated meta file
File ..\TestData\CustomizedFileLocation\PackageRepoNotModified\Package C\Example\Adv does not have an associated meta file
File ..\TestData\CustomizedFileLocation\PackageRepoNotModified\Package C\Example\Adv\E3.txt does not have an associated meta file
File ..\TestData\CustomizedFileLocation\PackageRepoNotModified\Package C\Example\E1.txt does not have an associated meta file
File ..\TestData\CustomizedFileLocation\PackageRepoNotModified\Package C\Example\E2.txt does not have an associated meta file
File ..\TestData\CustomizedFileLocation\PackageRepoNotModified\Package C\Media does not have an associated meta file
File ..\TestData\CustomizedFileLocation\PackageRepoNotModified\Package C\Media\M1.txt does not have an associated meta file
File ..\TestData\CustomizedFileLocation\PackageRepoNotModified\Package C\Media\M2.txt does not have an associated meta file
File ..\TestData\CustomizedFileLocation\PackageRepoNotModified\Package C\Upset.xml does not have an associated meta file
File C:\Users\Paul\AppData\Local\Temp\tmpa349e7b.tmp\C1.cs does not have an associated meta file
File C:\Users\Paul\AppData\Local\Temp\tmpa349e7b.tmp\C2.cs does not have an associated meta file
File C:\Users\Paul\AppData\Local\Temp\tmpa349e7b.tmp\Example does not have an associated meta file
File C:\Users\Paul\AppData\Local\Temp\tmpa349e7b.tmp\Example\Adv does not have an associated meta file
File C:\Users\Paul\AppData\Local\Temp\tmpa349e7b.tmp\Example\Adv\E3.txt does not have an associated meta file
File C:\Users\Paul\AppData\Local\Temp\tmpa349e7b.tmp\Example\E1.txt does not have an associated meta file
File C:\Users\Paul\AppData\Local\Temp\tmpa349e7b.tmp\Example\E2.txt does not have an associated meta file
File C:\Users\Paul\AppData\Local\Temp\tmpa349e7b.tmp\Media does not have an associated meta file
File C:\Users\Paul\AppData\Local\Temp\tmpa349e7b.tmp\Media\M1.txt does not have an associated meta file
File C:\Users\Paul\AppData\Local\Temp\tmpa349e7b.tmp\Media\M2.txt does not have an associated meta file
File C:\Users\Paul\AppData\Local\Temp\tmpa349e7b.tmp\Upset.xml does not have an associated meta file
]]></output>
            </test-case>
          </test-suite>
          <test-suite type="TestFixture" id="1201" name="PackageNuking" fullname="Uplift.Testing.Integration.PackageNuking" classname="Uplift.Testing.Integration.PackageNuking" runstate="Runnable" testcasecount="2" result="Passed" start-time="2017-08-22 09:41:38Z" end-time="2017-08-22 09:41:38Z" duration="0.486571" total="2" passed="2" failed="0" inconclusive="0" skipped="0" asserts="2">
            <output><![CDATA[Loaded packages, count: 2
File ..\TestData\PackageNuking\PackageRepo\Filler Package\bar.txt does not have an associated meta file
File ..\TestData\PackageNuking\PackageRepo\Filler Package\foo.cs does not have an associated meta file
File ..\TestData\PackageNuking\PackageRepo\Filler Package\Upset.xml does not have an associated meta file
File C:\Users\Paul\AppData\Local\Temp\tmp3f78ba0d.tmp\bar.txt does not have an associated meta file
File C:\Users\Paul\AppData\Local\Temp\tmp3f78ba0d.tmp\foo.cs does not have an associated meta file
File C:\Users\Paul\AppData\Local\Temp\tmp3f78ba0d.tmp\Upset.xml does not have an associated meta file
Loaded packages, count: 2
]]></output>
            <test-case id="1203" name="WhenFilesAreAdded" fullname="Uplift.Testing.Integration.PackageNuking.WhenFilesAreAdded" methodname="WhenFilesAreAdded" classname="Uplift.Testing.Integration.PackageNuking" runstate="Runnable" seed="239841255" result="Passed" start-time="2017-08-22 09:41:38Z" end-time="2017-08-22 09:41:38Z" duration="0.177321" asserts="1">
              <output><![CDATA[File ..\TestData\PackageNuking\PackageRepo\Package D\D1.cs does not have an associated meta file
File ..\TestData\PackageNuking\PackageRepo\Package D\D2.cs does not have an associated meta file
File ..\TestData\PackageNuking\PackageRepo\Package D\Upset.xml does not have an associated meta file
File C:\Users\Paul\AppData\Local\Temp\tmp37ee332c.tmp\D1.cs does not have an associated meta file
File C:\Users\Paul\AppData\Local\Temp\tmp37ee332c.tmp\D2.cs does not have an associated meta file
File C:\Users\Paul\AppData\Local\Temp\tmp37ee332c.tmp\Upset.xml does not have an associated meta file
]]></output>
            </test-case>
            <test-case id="1202" name="WhenNoFileIsAdded" fullname="Uplift.Testing.Integration.PackageNuking.WhenNoFileIsAdded" methodname="WhenNoFileIsAdded" classname="Uplift.Testing.Integration.PackageNuking" runstate="Runnable" seed="768526225" result="Passed" start-time="2017-08-22 09:41:38Z" end-time="2017-08-22 09:41:38Z" duration="0.096154" asserts="1">
              <output><![CDATA[File ..\TestData\PackageNuking\PackageRepo\Package D\D1.cs does not have an associated meta file
File ..\TestData\PackageNuking\PackageRepo\Package D\D2.cs does not have an associated meta file
File ..\TestData\PackageNuking\PackageRepo\Package D\Upset.xml does not have an associated meta file
File C:\Users\Paul\AppData\Local\Temp\tmp2de02a00.tmp\D1.cs does not have an associated meta file
File C:\Users\Paul\AppData\Local\Temp\tmp2de02a00.tmp\D2.cs does not have an associated meta file
File C:\Users\Paul\AppData\Local\Temp\tmp2de02a00.tmp\Upset.xml does not have an associated meta file
]]></output>
            </test-case>
          </test-suite>
          <test-suite type="TestFixture" id="1204" name="PackageUpdating" fullname="Uplift.Testing.Integration.PackageUpdating" classname="Uplift.Testing.Integration.PackageUpdating" runstate="Runnable" testcasecount="1" result="Passed" start-time="2017-08-22 09:41:38Z" end-time="2017-08-22 09:41:39Z" duration="0.297920" total="1" passed="1" failed="0" inconclusive="0" skipped="0" asserts="16">
            <output><![CDATA[Loaded packages, count: 2
File ..\TestData\PackageUpdating\PackageRepo\Package A recent\A1.cs does not have an associated meta file
File ..\TestData\PackageUpdating\PackageRepo\Package A recent\A2.cs does not have an associated meta file
File ..\TestData\PackageUpdating\PackageRepo\Package A recent\A3.cs does not have an associated meta file
File ..\TestData\PackageUpdating\PackageRepo\Package A recent\Upset.xml does not have an associated meta file
File C:\Users\Paul\AppData\Local\Temp\tmp7f6794c5.tmp\A1.cs does not have an associated meta file
File C:\Users\Paul\AppData\Local\Temp\tmp7f6794c5.tmp\A2.cs does not have an associated meta file
File C:\Users\Paul\AppData\Local\Temp\tmp7f6794c5.tmp\A3.cs does not have an associated meta file
File C:\Users\Paul\AppData\Local\Temp\tmp7f6794c5.tmp\Upset.xml does not have an associated meta file
]]></output>
            <test-case id="1205" name="WhenUpdating" fullname="Uplift.Testing.Integration.PackageUpdating.WhenUpdating" methodname="WhenUpdating" classname="Uplift.Testing.Integration.PackageUpdating" runstate="Runnable" seed="518826160" result="Passed" start-time="2017-08-22 09:41:38Z" end-time="2017-08-22 09:41:39Z" duration="0.121648" asserts="16">
              <output><![CDATA[File ..\TestData\PackageUpdating\PackageRepo\Package A recent\A1.cs does not have an associated meta file
File ..\TestData\PackageUpdating\PackageRepo\Package A recent\A2.cs does not have an associated meta file
File ..\TestData\PackageUpdating\PackageRepo\Package A recent\A3.cs does not have an associated meta file
File ..\TestData\PackageUpdating\PackageRepo\Package A recent\Upset.xml does not have an associated meta file
File C:\Users\Paul\AppData\Local\Temp\tmp65a7c7dd.tmp\A1.cs does not have an associated meta file
File C:\Users\Paul\AppData\Local\Temp\tmp65a7c7dd.tmp\A2.cs does not have an associated meta file
File C:\Users\Paul\AppData\Local\Temp\tmp65a7c7dd.tmp\A3.cs does not have an associated meta file
File C:\Users\Paul\AppData\Local\Temp\tmp65a7c7dd.tmp\Upset.xml does not have an associated meta file
]]></output>
            </test-case>
          </test-suite>
        </test-suite>
        <test-suite type="TestSuite" id="1290" name="Unit" fullname="Uplift.Testing.Unit" runstate="Runnable" testcasecount="72" result="Passed" start-time="2017-08-22 09:41:39Z" end-time="2017-08-22 09:41:41Z" duration="2.700632" total="72" passed="70" failed="0" inconclusive="0" skipped="2" asserts="113">
          <test-suite type="TestFixture" id="1206" name="FileRepositoryTest" fullname="Uplift.Testing.Unit.FileRepositoryTest" classname="Uplift.Testing.Unit.FileRepositoryTest" runstate="Runnable" testcasecount="5" result="Passed" start-time="2017-08-22 09:41:39Z" end-time="2017-08-22 09:41:39Z" duration="0.318527" total="5" passed="5" failed="0" inconclusive="0" skipped="0" asserts="15">
            <test-case id="1211" name="DownloadPackageFromBadFormatTest" fullname="Uplift.Testing.Unit.FileRepositoryTest.DownloadPackageFromBadFormatTest" methodname="DownloadPackageFromBadFormatTest" classname="Uplift.Testing.Unit.FileRepositoryTest" runstate="Runnable" seed="1980095237" result="Passed" start-time="2017-08-22 09:41:39Z" end-time="2017-08-22 09:41:39Z" duration="0.059347" asserts="2" />
            <test-case id="1209" name="DownloadPackageFromDirectoryTest" fullname="Uplift.Testing.Unit.FileRepositoryTest.DownloadPackageFromDirectoryTest" methodname="DownloadPackageFromDirectoryTest" classname="Uplift.Testing.Unit.FileRepositoryTest" runstate="Runnable" seed="423114107" result="Passed" start-time="2017-08-22 09:41:39Z" end-time="2017-08-22 09:41:39Z" duration="0.027458" asserts="2" />
            <test-case id="1210" name="DownloadPackageFromUnityPackageTest" fullname="Uplift.Testing.Unit.FileRepositoryTest.DownloadPackageFromUnityPackageTest" methodname="DownloadPackageFromUnityPackageTest" classname="Uplift.Testing.Unit.FileRepositoryTest" runstate="Runnable" seed="1874147146" result="Passed" start-time="2017-08-22 09:41:39Z" end-time="2017-08-22 09:41:39Z" duration="0.113931" asserts="4" />
            <test-case id="1208" name="ListPackagesFromDirectoriesTest" fullname="Uplift.Testing.Unit.FileRepositoryTest.ListPackagesFromDirectoriesTest" methodname="ListPackagesFromDirectoriesTest" classname="Uplift.Testing.Unit.FileRepositoryTest" runstate="Runnable" seed="2138498830" result="Passed" start-time="2017-08-22 09:41:39Z" end-time="2017-08-22 09:41:39Z" duration="0.042410" asserts="4" />
            <test-case id="1207" name="ListPackagesFromUnityPackagesTest" fullname="Uplift.Testing.Unit.FileRepositoryTest.ListPackagesFromUnityPackagesTest" methodname="ListPackagesFromUnityPackagesTest" classname="Uplift.Testing.Unit.FileRepositoryTest" runstate="Runnable" seed="246781103" result="Passed" start-time="2017-08-22 09:41:39Z" end-time="2017-08-22 09:41:39Z" duration="0.030959" asserts="3" />
          </test-suite>
          <test-suite type="TestFixture" id="1212" name="FileSystemUtilsTest" fullname="Uplift.Testing.Unit.FileSystemUtilsTest" classname="Uplift.Testing.Unit.FileSystemUtilsTest" runstate="Runnable" testcasecount="20" result="Passed" start-time="2017-08-22 09:41:39Z" end-time="2017-08-22 09:41:39Z" duration="0.433273" total="20" passed="18" failed="0" inconclusive="0" skipped="2" asserts="19">
            <test-case id="1230" name="CopyAndIgnoreDirectoryTest" fullname="Uplift.Testing.Unit.FileSystemUtilsTest.CopyAndIgnoreDirectoryTest" methodname="CopyAndIgnoreDirectoryTest" classname="Uplift.Testing.Unit.FileSystemUtilsTest" runstate="Runnable" seed="1416833019" result="Passed" start-time="2017-08-22 09:41:39Z" end-time="2017-08-22 09:41:39Z" duration="0.014952" asserts="2" />
            <test-case id="1229" name="CopyDirectoryRecursivelyTest" fullname="Uplift.Testing.Unit.FileSystemUtilsTest.CopyDirectoryRecursivelyTest" methodname="CopyDirectoryRecursivelyTest" classname="Uplift.Testing.Unit.FileSystemUtilsTest" runstate="Runnable" seed="1400186535" result="Passed" start-time="2017-08-22 09:41:39Z" end-time="2017-08-22 09:41:39Z" duration="0.014629" asserts="1" />
            <test-case id="1227" name="CopyDirectoryTest" fullname="Uplift.Testing.Unit.FileSystemUtilsTest.CopyDirectoryTest" methodname="CopyDirectoryTest" classname="Uplift.Testing.Unit.FileSystemUtilsTest" runstate="Runnable" seed="2065206554" result="Passed" start-time="2017-08-22 09:41:39Z" end-time="2017-08-22 09:41:39Z" duration="0.007569" asserts="1" />
            <test-case id="1228" name="CopyToExitstingDirectoryTest" fullname="Uplift.Testing.Unit.FileSystemUtilsTest.CopyToExitstingDirectoryTest" methodname="CopyToExitstingDirectoryTest" classname="Uplift.Testing.Unit.FileSystemUtilsTest" runstate="Runnable" seed="1964507627" result="Passed" start-time="2017-08-22 09:41:39Z" end-time="2017-08-22 09:41:39Z" duration="0.007844" asserts="1" />
            <test-case id="1214" name="EnsureMissingParentExistsTest" fullname="Uplift.Testing.Unit.FileSystemUtilsTest.EnsureMissingParentExistsTest" methodname="EnsureMissingParentExistsTest" classname="Uplift.Testing.Unit.FileSystemUtilsTest" runstate="Runnable" seed="326049624" result="Passed" start-time="2017-08-22 09:41:39Z" end-time="2017-08-22 09:41:39Z" duration="0.008135" asserts="1" />
            <test-case id="1215" name="EnsurePresentParentExistsTest" fullname="Uplift.Testing.Unit.FileSystemUtilsTest.EnsurePresentParentExistsTest" methodname="EnsurePresentParentExistsTest" classname="Uplift.Testing.Unit.FileSystemUtilsTest" runstate="Runnable" seed="623526517" result="Passed" start-time="2017-08-22 09:41:39Z" end-time="2017-08-22 09:41:39Z" duration="0.007315" asserts="1" />
            <test-case id="1216" name="GetAbsolutePathTest" fullname="Uplift.Testing.Unit.FileSystemUtilsTest.GetAbsolutePathTest" methodname="GetAbsolutePathTest" classname="Uplift.Testing.Unit.FileSystemUtilsTest" runstate="Runnable" seed="1860431601" result="Passed" start-time="2017-08-22 09:41:39Z" end-time="2017-08-22 09:41:39Z" duration="0.007816" asserts="1" />
            <test-case id="1217" name="GetAbsolutePathTestFail" fullname="Uplift.Testing.Unit.FileSystemUtilsTest.GetAbsolutePathTestFail" methodname="GetAbsolutePathTestFail" classname="Uplift.Testing.Unit.FileSystemUtilsTest" runstate="Runnable" seed="1882830038" result="Passed" start-time="2017-08-22 09:41:39Z" end-time="2017-08-22 09:41:39Z" duration="0.005382" asserts="1" />
            <test-case id="1225" name="GetFilesEmptyTest" fullname="Uplift.Testing.Unit.FileSystemUtilsTest.GetFilesEmptyTest" methodname="GetFilesEmptyTest" classname="Uplift.Testing.Unit.FileSystemUtilsTest" runstate="Runnable" seed="777281038" result="Passed" start-time="2017-08-22 09:41:39Z" end-time="2017-08-22 09:41:39Z" duration="0.009352" asserts="1" />
            <test-case id="1226" name="GetFilesFromNonExistentDirectoryTest" fullname="Uplift.Testing.Unit.FileSystemUtilsTest.GetFilesFromNonExistentDirectoryTest" methodname="GetFilesFromNonExistentDirectoryTest" classname="Uplift.Testing.Unit.FileSystemUtilsTest" runstate="Runnable" seed="1229325231" result="Passed" start-time="2017-08-22 09:41:39Z" end-time="2017-08-22 09:41:39Z" duration="0.004217" asserts="1" />
            <test-case id="1224" name="GetFilesRecursivelyTest" fullname="Uplift.Testing.Unit.FileSystemUtilsTest.GetFilesRecursivelyTest" methodname="GetFilesRecursivelyTest" classname="Uplift.Testing.Unit.FileSystemUtilsTest" runstate="Runnable" seed="1121119948" result="Passed" start-time="2017-08-22 09:41:39Z" end-time="2017-08-22 09:41:39Z" duration="0.023947" asserts="1" />
            <test-case id="1223" name="GetFilesTest" fullname="Uplift.Testing.Unit.FileSystemUtilsTest.GetFilesTest" methodname="GetFilesTest" classname="Uplift.Testing.Unit.FileSystemUtilsTest" runstate="Runnable" seed="426284861" result="Passed" start-time="2017-08-22 09:41:39Z" end-time="2017-08-22 09:41:39Z" duration="0.016444" asserts="1" />
            <test-case id="1213" name="JoinPathsTest" fullname="Uplift.Testing.Unit.FileSystemUtilsTest.JoinPathsTest" methodname="JoinPathsTest" classname="Uplift.Testing.Unit.FileSystemUtilsTest" runstate="Runnable" seed="2062994750" result="Passed" start-time="2017-08-22 09:41:39Z" end-time="2017-08-22 09:41:39Z" duration="0.003975" asserts="1" />
            <test-case id="1219" name="ReadTxtInFileTest" fullname="Uplift.Testing.Unit.FileSystemUtilsTest.ReadTxtInFileTest" methodname="ReadTxtInFileTest" classname="Uplift.Testing.Unit.FileSystemUtilsTest" runstate="Runnable" seed="2049973486" result="Passed" start-time="2017-08-22 09:41:39Z" end-time="2017-08-22 09:41:39Z" duration="0.011766" asserts="1" />
            <test-case id="1221" name="RecursivelyDirPathsTestLinux" fullname="Uplift.Testing.Unit.FileSystemUtilsTest.RecursivelyDirPathsTestLinux" methodname="RecursivelyDirPathsTestLinux" classname="Uplift.Testing.Unit.FileSystemUtilsTest" runstate="Skipped" seed="303158174" result="Skipped" start-time="2017-08-22 09:41:39Z" end-time="2017-08-22 09:41:39Z" duration="0.001725" asserts="0">
              <properties>
                <property name="_SKIPREASON" value="Only supported on Linux" />
              </properties>
              <reason>
                <message><![CDATA[Only supported on Linux]]></message>
              </reason>
            </test-case>
            <test-case id="1222" name="RecursivelyDirPathsTestMac" fullname="Uplift.Testing.Unit.FileSystemUtilsTest.RecursivelyDirPathsTestMac" methodname="RecursivelyDirPathsTestMac" classname="Uplift.Testing.Unit.FileSystemUtilsTest" runstate="Skipped" seed="392459781" result="Skipped" start-time="2017-08-22 09:41:39Z" end-time="2017-08-22 09:41:39Z" duration="0.000022" asserts="0">
              <properties>
                <property name="_SKIPREASON" value="Not supported on Win,Linux" />
              </properties>
              <reason>
                <message><![CDATA[Not supported on Win,Linux]]></message>
              </reason>
            </test-case>
            <test-case id="1220" name="RecursivelyDirPathsTestWindows" fullname="Uplift.Testing.Unit.FileSystemUtilsTest.RecursivelyDirPathsTestWindows" methodname="RecursivelyDirPathsTestWindows" classname="Uplift.Testing.Unit.FileSystemUtilsTest" runstate="Runnable" seed="435287690" result="Passed" start-time="2017-08-22 09:41:39Z" end-time="2017-08-22 09:41:39Z" duration="0.011783" asserts="1" />
            <test-case id="1232" name="RecursivelyListFilesRelativeTest" fullname="Uplift.Testing.Unit.FileSystemUtilsTest.RecursivelyListFilesRelativeTest" methodname="RecursivelyListFilesRelativeTest" classname="Uplift.Testing.Unit.FileSystemUtilsTest" runstate="Runnable" seed="997161824" result="Passed" start-time="2017-08-22 09:41:39Z" end-time="2017-08-22 09:41:39Z" duration="0.010496" asserts="1" />
            <test-case id="1231" name="RecursivelyListFilesTest" fullname="Uplift.Testing.Unit.FileSystemUtilsTest.RecursivelyListFilesTest" methodname="RecursivelyListFilesTest" classname="Uplift.Testing.Unit.FileSystemUtilsTest" runstate="Runnable" seed="1762399691" result="Passed" start-time="2017-08-22 09:41:39Z" end-time="2017-08-22 09:41:39Z" duration="0.029065" asserts="1" />
            <test-case id="1218" name="SaveTxtInFileTest" fullname="Uplift.Testing.Unit.FileSystemUtilsTest.SaveTxtInFileTest" methodname="SaveTxtInFileTest" classname="Uplift.Testing.Unit.FileSystemUtilsTest" runstate="Runnable" seed="994137082" result="Passed" start-time="2017-08-22 09:41:39Z" end-time="2017-08-22 09:41:39Z" duration="0.010211" asserts="1" />
          </test-suite>
          <test-suite type="TestFixture" id="1233" name="InstalledPackagesTest" fullname="Uplift.Testing.Unit.InstalledPackagesTest" classname="Uplift.Testing.Unit.InstalledPackagesTest" runstate="Runnable" testcasecount="4" result="Passed" start-time="2017-08-22 09:41:39Z" end-time="2017-08-22 09:41:40Z" duration="0.132800" total="4" passed="4" failed="0" inconclusive="0" skipped="0" asserts="10">
            <test-case id="1236" name="NukeOtherInstallComplexTest" fullname="Uplift.Testing.Unit.InstalledPackagesTest.NukeOtherInstallComplexTest" methodname="NukeOtherInstallComplexTest" classname="Uplift.Testing.Unit.InstalledPackagesTest" runstate="Runnable" seed="1498704170" result="Passed" start-time="2017-08-22 09:41:39Z" end-time="2017-08-22 09:41:39Z" duration="0.032799" asserts="4" />
            <test-case id="1235" name="NukeOtherInstallSimpleFileTest" fullname="Uplift.Testing.Unit.InstalledPackagesTest.NukeOtherInstallSimpleFileTest" methodname="NukeOtherInstallSimpleFileTest" classname="Uplift.Testing.Unit.InstalledPackagesTest" runstate="Runnable" seed="191286263" result="Passed" start-time="2017-08-22 09:41:39Z" end-time="2017-08-22 09:41:39Z" duration="0.032821" asserts="4" />
            <test-case id="1237" name="NukeOtherInstallWhenAbsentTest" fullname="Uplift.Testing.Unit.InstalledPackagesTest.NukeOtherInstallWhenAbsentTest" methodname="NukeOtherInstallWhenAbsentTest" classname="Uplift.Testing.Unit.InstalledPackagesTest" runstate="Runnable" seed="867323755" result="Passed" start-time="2017-08-22 09:41:39Z" end-time="2017-08-22 09:41:39Z" duration="0.016709" asserts="1" />
            <test-case id="1234" name="NukeRootInstallTest" fullname="Uplift.Testing.Unit.InstalledPackagesTest.NukeRootInstallTest" methodname="NukeRootInstallTest" classname="Uplift.Testing.Unit.InstalledPackagesTest" runstate="Runnable" seed="558032241" result="Passed" start-time="2017-08-22 09:41:39Z" end-time="2017-08-22 09:41:40Z" duration="0.006830" asserts="1" />
          </test-suite>
          <test-suite type="TestFixture" id="1238" name="LatestSelectionStrategyTest" fullname="Uplift.Testing.Unit.LatestSelectionStrategyTest" classname="Uplift.Testing.Unit.LatestSelectionStrategyTest" runstate="Runnable" testcasecount="1" result="Passed" start-time="2017-08-22 09:41:40Z" end-time="2017-08-22 09:41:40Z" duration="0.308963" total="1" passed="1" failed="0" inconclusive="0" skipped="0" asserts="1">
            <test-case id="1239" name="FilterTest" fullname="Uplift.Testing.Unit.LatestSelectionStrategyTest.FilterTest" methodname="FilterTest" classname="Uplift.Testing.Unit.LatestSelectionStrategyTest" runstate="Runnable" seed="1009937265" result="Passed" start-time="2017-08-22 09:41:40Z" end-time="2017-08-22 09:41:40Z" duration="0.302203" asserts="1" />
          </test-suite>
          <test-suite type="TestFixture" id="1240" name="PackageHandlerTest" fullname="Uplift.Testing.Unit.PackageHandlerTest" classname="Uplift.Testing.Unit.PackageHandlerTest" runstate="Runnable" testcasecount="9" result="Passed" start-time="2017-08-22 09:41:40Z" end-time="2017-08-22 09:41:40Z" duration="0.371673" total="9" passed="9" failed="0" inconclusive="0" skipped="0" asserts="24">
            <test-case id="1241" name="FindCandidateForDefinitionTest" fullname="Uplift.Testing.Unit.PackageHandlerTest.FindCandidateForDefinitionTest" methodname="FindCandidateForDefinitionTest" classname="Uplift.Testing.Unit.PackageHandlerTest" runstate="Runnable" seed="1281723654" result="Passed" start-time="2017-08-22 09:41:40Z" end-time="2017-08-22 09:41:40Z" duration="0.104204" asserts="3" />
            <test-case id="1242" name="FindPackageAndRepositoryTest" fullname="Uplift.Testing.Unit.PackageHandlerTest.FindPackageAndRepositoryTest" methodname="FindPackageAndRepositoryTest" classname="Uplift.Testing.Unit.PackageHandlerTest" runstate="Runnable" seed="924946816" result="Passed" start-time="2017-08-22 09:41:40Z" end-time="2017-08-22 09:41:40Z" duration="0.012763" asserts="1" />
            <test-case id="1243" name="FindPackageAndRepositoryTestFail" fullname="Uplift.Testing.Unit.PackageHandlerTest.FindPackageAndRepositoryTestFail" methodname="FindPackageAndRepositoryTestFail" classname="Uplift.Testing.Unit.PackageHandlerTest" runstate="Runnable" seed="295154714" result="Passed" start-time="2017-08-22 09:41:40Z" end-time="2017-08-22 09:41:40Z" duration="0.010731" asserts="1" />
            <test-case id="1249" name="PackageDependencyVersionComparison" fullname="Uplift.Testing.Unit.PackageHandlerTest.PackageDependencyVersionComparison" methodname="PackageDependencyVersionComparison" classname="Uplift.Testing.Unit.PackageHandlerTest" runstate="Runnable" seed="1157795536" result="Passed" start-time="2017-08-22 09:41:40Z" end-time="2017-08-22 09:41:40Z" duration="0.007979" asserts="1" />
            <test-case id="1245" name="SelectCandidatesMultipleStrategies" fullname="Uplift.Testing.Unit.PackageHandlerTest.SelectCandidatesMultipleStrategies" methodname="SelectCandidatesMultipleStrategies" classname="Uplift.Testing.Unit.PackageHandlerTest" runstate="Runnable" seed="81789334" result="Passed" start-time="2017-08-22 09:41:40Z" end-time="2017-08-22 09:41:40Z" duration="0.081575" asserts="3" />
            <test-case id="1244" name="SelectCandidatesSingleStrategy" fullname="Uplift.Testing.Unit.PackageHandlerTest.SelectCandidatesSingleStrategy" methodname="SelectCandidatesSingleStrategy" classname="Uplift.Testing.Unit.PackageHandlerTest" runstate="Runnable" seed="400237103" result="Passed" start-time="2017-08-22 09:41:40Z" end-time="2017-08-22 09:41:40Z" duration="0.016529" asserts="3" />
            <test-case id="1248" name="VersionComparisonTest" fullname="Uplift.Testing.Unit.PackageHandlerTest.VersionComparisonTest" methodname="VersionComparisonTest" classname="Uplift.Testing.Unit.PackageHandlerTest" runstate="Runnable" seed="1556794037" result="Passed" start-time="2017-08-22 09:41:40Z" end-time="2017-08-22 09:41:40Z" duration="0.011824" asserts="7" />
            <test-case id="1247" name="VersionParsingFailureTest" fullname="Uplift.Testing.Unit.PackageHandlerTest.VersionParsingFailureTest" methodname="VersionParsingFailureTest" classname="Uplift.Testing.Unit.PackageHandlerTest" runstate="Runnable" seed="87265089" result="Passed" start-time="2017-08-22 09:41:40Z" end-time="2017-08-22 09:41:40Z" duration="0.008889" asserts="1" />
            <test-case id="1246" name="VersionStringParsingTest" fullname="Uplift.Testing.Unit.PackageHandlerTest.VersionStringParsingTest" methodname="VersionStringParsingTest" classname="Uplift.Testing.Unit.PackageHandlerTest" runstate="Runnable" seed="508942739" result="Passed" start-time="2017-08-22 09:41:40Z" end-time="2017-08-22 09:41:40Z" duration="0.007960" asserts="4" />
          </test-suite>
          <test-suite type="TestFixture" id="1250" name="PackageListTest" fullname="Uplift.Testing.Unit.PackageListTest" classname="Uplift.Testing.Unit.PackageListTest" runstate="Runnable" testcasecount="7" result="Passed" start-time="2017-08-22 09:41:40Z" end-time="2017-08-22 09:41:40Z" duration="0.224343" total="7" passed="7" failed="0" inconclusive="0" skipped="0" asserts="14">
            <test-case id="1252" name="GetEmptyPackagesTest" fullname="Uplift.Testing.Unit.PackageListTest.GetEmptyPackagesTest" methodname="GetEmptyPackagesTest" classname="Uplift.Testing.Unit.PackageListTest" runstate="Runnable" seed="1894147071" result="Passed" start-time="2017-08-22 09:41:40Z" end-time="2017-08-22 09:41:40Z" duration="0.016437" asserts="1" />
            <test-case id="1257" name="GetLatestPackageTest" fullname="Uplift.Testing.Unit.PackageListTest.GetLatestPackageTest" methodname="GetLatestPackageTest" classname="Uplift.Testing.Unit.PackageListTest" runstate="Runnable" seed="1534812498" result="Passed" start-time="2017-08-22 09:41:40Z" end-time="2017-08-22 09:41:40Z" duration="0.015328" asserts="1" />
            <test-case id="1256" name="LoadPackagesForceRefreshTest" fullname="Uplift.Testing.Unit.PackageListTest.LoadPackagesForceRefreshTest" methodname="LoadPackagesForceRefreshTest" classname="Uplift.Testing.Unit.PackageListTest" runstate="Runnable" seed="1180843168" result="Passed" start-time="2017-08-22 09:41:40Z" end-time="2017-08-22 09:41:40Z" duration="0.018635" asserts="4" />
            <test-case id="1255" name="LoadPackagesMultipleRepoTest" fullname="Uplift.Testing.Unit.PackageListTest.LoadPackagesMultipleRepoTest" methodname="LoadPackagesMultipleRepoTest" classname="Uplift.Testing.Unit.PackageListTest" runstate="Runnable" seed="1666103197" result="Passed" start-time="2017-08-22 09:41:40Z" end-time="2017-08-22 09:41:40Z" duration="0.015326" asserts="4" />
            <test-case id="1253" name="LoadPackagesSingleRepoTest" fullname="Uplift.Testing.Unit.PackageListTest.LoadPackagesSingleRepoTest" methodname="LoadPackagesSingleRepoTest" classname="Uplift.Testing.Unit.PackageListTest" runstate="Runnable" seed="67328139" result="Passed" start-time="2017-08-22 09:41:40Z" end-time="2017-08-22 09:41:40Z" duration="0.016813" asserts="1" />
            <test-case id="1251" name="PackageListUniqueInstanceTest" fullname="Uplift.Testing.Unit.PackageListTest.PackageListUniqueInstanceTest" methodname="PackageListUniqueInstanceTest" classname="Uplift.Testing.Unit.PackageListTest" runstate="Runnable" seed="306840883" result="Passed" start-time="2017-08-22 09:41:40Z" end-time="2017-08-22 09:41:40Z" duration="0.014823" asserts="1" />
            <test-case id="1254" name="RefreshPackagesTest" fullname="Uplift.Testing.Unit.PackageListTest.RefreshPackagesTest" methodname="RefreshPackagesTest" classname="Uplift.Testing.Unit.PackageListTest" runstate="Runnable" seed="1619191691" result="Passed" start-time="2017-08-22 09:41:40Z" end-time="2017-08-22 09:41:40Z" duration="0.013654" asserts="2" />
          </test-suite>
          <test-suite type="TestFixture" id="1258" name="UpbringTest" fullname="Uplift.Testing.Unit.UpbringTest" classname="Uplift.Testing.Unit.UpbringTest" runstate="Runnable" testcasecount="11" result="Passed" start-time="2017-08-22 09:41:40Z" end-time="2017-08-22 09:41:41Z" duration="0.306670" total="11" passed="11" failed="0" inconclusive="0" skipped="0" asserts="12">
            <test-case id="1261" name="AddExistingPackageTest" fullname="Uplift.Testing.Unit.UpbringTest.AddExistingPackageTest" methodname="AddExistingPackageTest" classname="Uplift.Testing.Unit.UpbringTest" runstate="Runnable" seed="1497621136" result="Passed" start-time="2017-08-22 09:41:40Z" end-time="2017-08-22 09:41:41Z" duration="0.012498" asserts="1" />
            <test-case id="1265" name="AddLocationNoMatchingPackage" fullname="Uplift.Testing.Unit.UpbringTest.AddLocationNoMatchingPackage" methodname="AddLocationNoMatchingPackage" classname="Uplift.Testing.Unit.UpbringTest" runstate="Runnable" seed="936621284" result="Passed" start-time="2017-08-22 09:41:41Z" end-time="2017-08-22 09:41:41Z" duration="0.008425" asserts="1" />
            <test-case id="1263" name="AddLocationWhenAnotherTest" fullname="Uplift.Testing.Unit.UpbringTest.AddLocationWhenAnotherTest" methodname="AddLocationWhenAnotherTest" classname="Uplift.Testing.Unit.UpbringTest" runstate="Runnable" seed="1427733858" result="Passed" start-time="2017-08-22 09:41:41Z" end-time="2017-08-22 09:41:41Z" duration="0.008067" asserts="1" />
            <test-case id="1264" name="AddLocationWhenExistingTest" fullname="Uplift.Testing.Unit.UpbringTest.AddLocationWhenExistingTest" methodname="AddLocationWhenExistingTest" classname="Uplift.Testing.Unit.UpbringTest" runstate="Runnable" seed="1607185536" result="Passed" start-time="2017-08-22 09:41:41Z" end-time="2017-08-22 09:41:41Z" duration="0.008690" asserts="1" />
            <test-case id="1262" name="AddLocationWhenNoneTest" fullname="Uplift.Testing.Unit.UpbringTest.AddLocationWhenNoneTest" methodname="AddLocationWhenNoneTest" classname="Uplift.Testing.Unit.UpbringTest" runstate="Runnable" seed="1293718062" result="Passed" start-time="2017-08-22 09:41:41Z" end-time="2017-08-22 09:41:41Z" duration="0.012021" asserts="1" />
            <test-case id="1260" name="AddPackageTest" fullname="Uplift.Testing.Unit.UpbringTest.AddPackageTest" methodname="AddPackageTest" classname="Uplift.Testing.Unit.UpbringTest" runstate="Runnable" seed="1036613403" result="Passed" start-time="2017-08-22 09:41:41Z" end-time="2017-08-22 09:41:41Z" duration="0.009360" asserts="2" />
            <test-case id="1267" name="FromXmlWhenAbsentTest" fullname="Uplift.Testing.Unit.UpbringTest.FromXmlWhenAbsentTest" methodname="FromXmlWhenAbsentTest" classname="Uplift.Testing.Unit.UpbringTest" runstate="Runnable" seed="459843107" result="Passed" start-time="2017-08-22 09:41:41Z" end-time="2017-08-22 09:41:41Z" duration="0.016641" asserts="1" />
            <test-case id="1266" name="FromXmlWhenPresentTest" fullname="Uplift.Testing.Unit.UpbringTest.FromXmlWhenPresentTest" methodname="FromXmlWhenPresentTest" classname="Uplift.Testing.Unit.UpbringTest" runstate="Runnable" seed="430264493" result="Passed" start-time="2017-08-22 09:41:41Z" end-time="2017-08-22 09:41:41Z" duration="0.029647" asserts="1" />
            <test-case id="1259" name="GetInstalledPackageTest" fullname="Uplift.Testing.Unit.UpbringTest.GetInstalledPackageTest" methodname="GetInstalledPackageTest" classname="Uplift.Testing.Unit.UpbringTest" runstate="Runnable" seed="168645802" result="Passed" start-time="2017-08-22 09:41:41Z" end-time="2017-08-22 09:41:41Z" duration="0.011416" asserts="1" />
            <test-case id="1269" name="RemoveFileTest" fullname="Uplift.Testing.Unit.UpbringTest.RemoveFileTest" methodname="RemoveFileTest" classname="Uplift.Testing.Unit.UpbringTest" runstate="Runnable" seed="259579673" result="Passed" start-time="2017-08-22 09:41:41Z" end-time="2017-08-22 09:41:41Z" duration="0.015953" asserts="1" />
            <test-case id="1268" name="SaveFileTest" fullname="Uplift.Testing.Unit.UpbringTest.SaveFileTest" methodname="SaveFileTest" classname="Uplift.Testing.Unit.UpbringTest" runstate="Runnable" seed="1676010474" result="Passed" start-time="2017-08-22 09:41:41Z" end-time="2017-08-22 09:41:41Z" duration="0.031098" asserts="1" />
          </test-suite>
          <test-suite type="TestFixture" id="1270" name="UpfileTest" fullname="Uplift.Testing.Unit.UpfileTest" classname="Uplift.Testing.Unit.UpfileTest" runstate="Runnable" testcasecount="15" result="Passed" start-time="2017-08-22 09:41:41Z" end-time="2017-08-22 09:41:41Z" duration="0.475838" total="15" passed="15" failed="0" inconclusive="0" skipped="0" asserts="18">
            <test-case id="1273" name="CheckForUpfileAbsentTest" fullname="Uplift.Testing.Unit.UpfileTest.CheckForUpfileAbsentTest" methodname="CheckForUpfileAbsentTest" classname="Uplift.Testing.Unit.UpfileTest" runstate="Runnable" seed="644586763" result="Passed" start-time="2017-08-22 09:41:41Z" end-time="2017-08-22 09:41:41Z" duration="0.013536" asserts="1" />
            <test-case id="1272" name="CheckForUpfilePresentTest" fullname="Uplift.Testing.Unit.UpfileTest.CheckForUpfilePresentTest" methodname="CheckForUpfilePresentTest" classname="Uplift.Testing.Unit.UpfileTest" runstate="Runnable" seed="379131344" result="Passed" start-time="2017-08-22 09:41:41Z" end-time="2017-08-22 09:41:41Z" duration="0.015637" asserts="1" />
            <test-case id="1278" name="GetDestinationForBase" fullname="Uplift.Testing.Unit.UpfileTest.GetDestinationForBase" methodname="GetDestinationForBase" classname="Uplift.Testing.Unit.UpfileTest" runstate="Runnable" seed="2059184379" result="Passed" start-time="2017-08-22 09:41:41Z" end-time="2017-08-22 09:41:41Z" duration="0.008735" asserts="1" />
            <test-case id="1285" name="GetDestinationForDefault" fullname="Uplift.Testing.Unit.UpfileTest.GetDestinationForDefault" methodname="GetDestinationForDefault" classname="Uplift.Testing.Unit.UpfileTest" runstate="Runnable" seed="1002511433" result="Passed" start-time="2017-08-22 09:41:41Z" end-time="2017-08-22 09:41:41Z" duration="0.010389" asserts="1" />
            <test-case id="1279" name="GetDestinationForDocs" fullname="Uplift.Testing.Unit.UpfileTest.GetDestinationForDocs" methodname="GetDestinationForDocs" classname="Uplift.Testing.Unit.UpfileTest" runstate="Runnable" seed="1120121373" result="Passed" start-time="2017-08-22 09:41:41Z" end-time="2017-08-22 09:41:41Z" duration="0.011178" asserts="1" />
            <test-case id="1280" name="GetDestinationForEditorPlugin" fullname="Uplift.Testing.Unit.UpfileTest.GetDestinationForEditorPlugin" methodname="GetDestinationForEditorPlugin" classname="Uplift.Testing.Unit.UpfileTest" runstate="Runnable" seed="947687355" result="Passed" start-time="2017-08-22 09:41:41Z" end-time="2017-08-22 09:41:41Z" duration="0.007711" asserts="1" />
            <test-case id="1281" name="GetDestinationForExamples" fullname="Uplift.Testing.Unit.UpfileTest.GetDestinationForExamples" methodname="GetDestinationForExamples" classname="Uplift.Testing.Unit.UpfileTest" runstate="Runnable" seed="478328862" result="Passed" start-time="2017-08-22 09:41:41Z" end-time="2017-08-22 09:41:41Z" duration="0.010386" asserts="1" />
            <test-case id="1282" name="GetDestinationForGizmo" fullname="Uplift.Testing.Unit.UpfileTest.GetDestinationForGizmo" methodname="GetDestinationForGizmo" classname="Uplift.Testing.Unit.UpfileTest" runstate="Runnable" seed="1148421849" result="Passed" start-time="2017-08-22 09:41:41Z" end-time="2017-08-22 09:41:41Z" duration="0.011426" asserts="1" />
            <test-case id="1283" name="GetDestinationForMedia" fullname="Uplift.Testing.Unit.UpfileTest.GetDestinationForMedia" methodname="GetDestinationForMedia" classname="Uplift.Testing.Unit.UpfileTest" runstate="Runnable" seed="240311141" result="Passed" start-time="2017-08-22 09:41:41Z" end-time="2017-08-22 09:41:41Z" duration="0.011066" asserts="1" />
            <test-case id="1284" name="GetDestinationForPlugin" fullname="Uplift.Testing.Unit.UpfileTest.GetDestinationForPlugin" methodname="GetDestinationForPlugin" classname="Uplift.Testing.Unit.UpfileTest" runstate="Runnable" seed="42769839" result="Passed" start-time="2017-08-22 09:41:41Z" end-time="2017-08-22 09:41:41Z" duration="0.008406" asserts="1" />
            <test-case id="1271" name="InstanceUnicityTest" fullname="Uplift.Testing.Unit.UpfileTest.InstanceUnicityTest" methodname="InstanceUnicityTest" classname="Uplift.Testing.Unit.UpfileTest" runstate="Runnable" seed="1893173240" result="Passed" start-time="2017-08-22 09:41:41Z" end-time="2017-08-22 09:41:41Z" duration="0.080726" asserts="1" />
            <test-case id="1277" name="LoadAbsentOverrideTest" fullname="Uplift.Testing.Unit.UpfileTest.LoadAbsentOverrideTest" methodname="LoadAbsentOverrideTest" classname="Uplift.Testing.Unit.UpfileTest" runstate="Runnable" seed="1404434270" result="Passed" start-time="2017-08-22 09:41:41Z" end-time="2017-08-22 09:41:41Z" duration="0.025297" asserts="2" />
            <test-case id="1276" name="LoadPresentOverrideTest" fullname="Uplift.Testing.Unit.UpfileTest.LoadPresentOverrideTest" methodname="LoadPresentOverrideTest" classname="Uplift.Testing.Unit.UpfileTest" runstate="Runnable" seed="723049008" result="Passed" start-time="2017-08-22 09:41:41Z" end-time="2017-08-22 09:41:41Z" duration="0.027832" asserts="2" />
            <test-case id="1275" name="LoadXmlAbsent" fullname="Uplift.Testing.Unit.UpfileTest.LoadXmlAbsent" methodname="LoadXmlAbsent" classname="Uplift.Testing.Unit.UpfileTest" runstate="Runnable" seed="1196071958" result="Passed" start-time="2017-08-22 09:41:41Z" end-time="2017-08-22 09:41:41Z" duration="0.019451" asserts="1" />
            <test-case id="1274" name="LoadXmlPresent" fullname="Uplift.Testing.Unit.UpfileTest.LoadXmlPresent" methodname="LoadXmlPresent" classname="Uplift.Testing.Unit.UpfileTest" runstate="Runnable" seed="108509572" result="Passed" start-time="2017-08-22 09:41:41Z" end-time="2017-08-22 09:41:41Z" duration="0.023363" asserts="2" />
          </test-suite>
        </test-suite>
      </test-suite>
    </test-suite>
  </test-suite>
</test-suite>